  Γû▓ Next.js 14.2.0

   Creating an optimized production build ...
 Γ£ô Compiled successfully
   Linting and checking validity of types ...
node.exe :  Γ¿» ESLint 
must be installed in 
order to run during 
builds: npm install 
--save-dev eslint
At C:\Program 
Files\nodejs\npx.ps1:29 
char:3
+   & $NODE_EXE 
$NPX_CLI_JS $args
+   ~~~~~~~~~~~~~~~~~~~~~~
~~~~~~~
    + CategoryInfo        
      : NotSpecified: (   
  Γ¿» ESLint mus...save   
 -dev eslint:String) [    
], RemoteException
    + FullyQualifiedError 
   Id : NativeCommandErr  
  or
 
   Collecting page data ...
   Generating static pages (0/9) ...
   Generating static pages (2/9) 
   Generating static pages (4/9) 
   Generating static pages (6/9) 
 Γ£ô Generating static pages (9/9)
   Finalizing page optimization ...
   Collecting build traces ...

Route (app)                              Size     First Load JS
Γöî Γùï /                                    8.11 kB         136 kB
Γö£ Γùï /_not-found                          871 B          87.7 kB
Γö£ Γùï /about                               1.77 kB         126 kB
Γö£ Γùï /contact                             2.58 kB         127 kB
Γö£ Γùï /projects                            1.58 kB         126 kB
Γöö Γùï /services                            3.38 kB         128 kB
+ First Load JS shared by all            86.9 kB
  Γö£ chunks/23-fe5f20a90c0afcc2.js        31.3 kB
  Γö£ chunks/fd9d1056-00bb33a35b5f8051.js  53.6 kB
  Γöö other shared chunks (total)          1.89 kB


Γùï  (Static)  prerendered as static content

